// Jest Snapshot v1, https://goo.gl/fbAQLP

exports[`matches snapshot 1`] = `
<DocumentFragment>
  <div
    class="App"
  >
    <div>
      <h2>
        Todo List
      </h2>
      <div>
        <form>
          <div>
            <label
              for="todo"
            >
              Add New Todo
            </label>
            <input
              id="todo"
              name="todo"
              type="text"
              value=""
            />
          </div>
          <button>
            Add Todo
          </button>
        </form>
      </div>
      <div />
    </div>
  </div>
</DocumentFragment>
`;
